#-----------------------------------------------------------
# Vivado v2017.4 (64-bit)
# SW Build 2086221 on Fri Dec 15 20:55:39 MST 2017
# IP Build 2085800 on Fri Dec 15 22:25:07 MST 2017
# Start of session at: Sat Mar 18 09:01:58 2023
# Process ID: 4760
# Current directory: F:/eda/10divider/Divider
# Command line: vivado.exe -gui_launcher_event rodinguilauncherevent7800 F:\eda\10divider\Divider\Divider.xpr
# Log file: F:/eda/10divider/Divider/vivado.log
# Journal file: F:/eda/10divider/Divider\vivado.jou
#-----------------------------------------------------------
start_gui
open_project F:/eda/10divider/Divider/Divider.xpr
update_compile_order -fileset sources_1
open_hw
connect_hw_server
open_hw_target
set_property PROGRAM.FILE {F:/eda/10divider/Divider/Divider.runs/impl_1/counter8.bit} [get_hw_devices xc7a100t_0]
current_hw_device [get_hw_devices xc7a100t_0]
refresh_hw_device -update_hw_probes false [lindex [get_hw_devices xc7a100t_0] 0]
set_property PROBES.FILE {} [get_hw_devices xc7a100t_0]
set_property FULL_PROBES.FILE {} [get_hw_devices xc7a100t_0]
set_property PROGRAM.FILE {F:/eda/10divider/Divider/Divider.runs/impl_1/counter8.bit} [get_hw_devices xc7a100t_0]
program_hw_devices [get_hw_devices xc7a100t_0]
refresh_hw_device [lindex [get_hw_devices xc7a100t_0] 0]
close_hw
reset_run synth_1
launch_runs synth_1 -jobs 3
wait_on_run synth_1
open_run synth_1 -name synth_1
place_ports sw1 L16
save_constraints
launch_runs impl_1 -to_step write_bitstream -jobs 3
wait_on_run impl_1
close_design
open_run impl_1
open_hw
connect_hw_server
open_hw_target
set_property PROGRAM.FILE {F:/eda/10divider/Divider/Divider.runs/impl_1/counter8.bit} [get_hw_devices xc7a100t_0]
current_hw_device [get_hw_devices xc7a100t_0]
refresh_hw_device -update_hw_probes false [lindex [get_hw_devices xc7a100t_0] 0]
set_property PROBES.FILE {} [get_hw_devices xc7a100t_0]
set_property FULL_PROBES.FILE {} [get_hw_devices xc7a100t_0]
set_property PROGRAM.FILE {F:/eda/10divider/Divider/Divider.runs/impl_1/counter8.bit} [get_hw_devices xc7a100t_0]
program_hw_devices [get_hw_devices xc7a100t_0]
refresh_hw_device [lindex [get_hw_devices xc7a100t_0] 0]
reset_run synth_1
launch_runs synth_1 -jobs 3
wait_on_run synth_1
open_run synth_1 -name synth_1
place_ports sw2 M13
place_ports sw3 R15
save_constraints
reset_run synth_1
launch_runs impl_1 -to_step write_bitstream -jobs 3
wait_on_run impl_1
reset_run synth_1
launch_runs synth_1 -jobs 3
wait_on_run synth_1
close_design
open_run synth_1 -name synth_1
set_property IOSTANDARD LVCMOS18 [get_ports [list sw1]]
set_property IOSTANDARD LVCMOS18 [get_ports [list sw2]]
set_property IOSTANDARD LVCMOS18 [get_ports [list sw3]]
launch_runs impl_1 -to_step write_bitstream -jobs 3
wait_on_run impl_1
set_property PROBES.FILE {} [get_hw_devices xc7a100t_0]
set_property FULL_PROBES.FILE {} [get_hw_devices xc7a100t_0]
set_property PROGRAM.FILE {F:/eda/10divider/Divider/Divider.runs/impl_1/counter8.bit} [get_hw_devices xc7a100t_0]
program_hw_devices [get_hw_devices xc7a100t_0]
refresh_hw_device [lindex [get_hw_devices xc7a100t_0] 0]
set_property PROBES.FILE {} [get_hw_devices xc7a100t_0]
set_property FULL_PROBES.FILE {} [get_hw_devices xc7a100t_0]
set_property PROGRAM.FILE {F:/eda/10divider/Divider/Divider.runs/impl_1/counter8.bit} [get_hw_devices xc7a100t_0]
program_hw_devices [get_hw_devices xc7a100t_0]
refresh_hw_device [lindex [get_hw_devices xc7a100t_0] 0]
save_constraints
